
> sahajiv-ui@0.1.0 build
> npm run registry:build && next build


> sahajiv-ui@0.1.0 registry:build
> node scripts/build-registry.mjs

- Building sahajiv...
- Building accordion...
- Building adjuster...
- Building alert...
- Building alert-dialog...
- Building ambient-background...
- Building animated-number...
- Building aspect-ratio...
- Building attachment...
- Building avatar...
- Building badge...
- Building breadcrumb...
- Building bubble...
- Building button...
- Building button-group...
- Building calendar...
- Building card...
- Building carousel...
- Building chart...
- Building checkbox...
- Building code-block...
- Building collapsible...
- Building combobox...
- Building command...
- Building context-menu...
- Building data-table...
- Building date-picker...
- Building dialog...
- Building direction...
- Building drawer...
- Building dropdown-menu...
- Building dropzone...
- Building empty...
- Building field...
- Building hover-card...
- Building icon...
- Building input...
- Building input-group...
- Building input-otp...
- Building item...
- Building kbd...
- Building label...
- Building marker...
- Building marquee...
- Building menubar...
- Building message...
- Building message-scroller...
- Building multi-select...
- Building native-select...
- Building navigation-menu...
- Building pagination...
- Building popover...
- Building preview...
- Building progress...
- Building questionnaire...
- Building radio-group...
- Building resizable...
- Building scroll-area...
- Building select...
- Building separator...
- Building shape...
- Building shape-scene...
- Building sheet...
- Building sidebar...
- Building skeleton...
- Building slider...
- Building spinner...
- Building stepper...
- Building switch...
- Building table...
- Building tabs...
- Building text-reveal...
- Building textarea...
- Building toast...
- Building toggle...
- Building toggle-group...
- Building tooltip...
- Building typography...
✔ Building registry.
Registry built: 78 items (66 base components, 11 additional entries)
▲ Next.js 16.3.4 (Turbopack)
✓ Running next.config.ts took 1965ms

  Creating an optimized production build ...
✓ Compiled successfully in 4.6s
  Running TypeScript ...
  Finished TypeScript in 4.4s ...
  Collecting page data using 7 workers ...
  Generating static pages using 7 workers (0/82) ...
  Generating static pages using 7 workers (20/82) 
  Generating static pages using 7 workers (40/82) 
  Generating static pages using 7 workers (61/82) 
✓ Generating static pages using 7 workers (82/82) in 1245ms
  Finalizing page optimization ...

Route (app)
┌ ○ /
├ ○ /_not-found
├ ○ /docs
├   /docs/[component]
│ ├ ● /docs/accordion
│ ├ ● /docs/adjuster
│ ├ ● /docs/alert
│ └ ● [+74 more paths]
└ ○ /icon.svg


○  (Static)  prerendered as static content
●  (SSG)     prerendered as static HTML (uses generateStaticParams)

