- Checking registry.
✔ Checking registry.
- Installing dependencies.
- Installing dependencies.
✔ Installing dependencies.
- Updating files.
✔ Created 178 files:
  - src/lib/utils.ts
  - src/lib/sahajiv/icon-data.ts
  - src/lib/sahajiv/shape-data.ts
  - src/lib/sahajiv-motion/body.ts
  - src/lib/sahajiv-motion/category.ts
  - src/lib/sahajiv-motion/clock.ts
  - src/lib/sahajiv-motion/flow-press.ts
  - src/lib/sahajiv-motion/flow.ts
  - src/lib/sahajiv-motion/geometry.ts
  - src/lib/sahajiv-motion/morph-paint.ts
  - src/lib/sahajiv-motion/refs.ts
  - src/lib/sahajiv-motion/settings.ts
  - src/lib/sahajiv-motion/shapes.ts
  - src/lib/sahajiv-motion/use-flow.ts
  - src/lib/sahajiv-motion/use-morph.ts
  - src/lib/sahajiv-motion/use-motion-visibility.ts
  - src/lib/sahajiv-motion/use-reduced-motion.ts
  - src/styles/sahajiv-fonts.css
  - src/styles/sahajiv/tokens.css
  - src/styles/sahajiv/theme.css
  - src/styles/sahajiv/base.css
  - src/styles/sahajiv/morph.css
  - src/styles/sahajiv/flow-press.css
  - src/styles/fonts/DMSans-OFL.txt
  - src/styles/fonts/BricolageGrotesque-OFL.txt
  - src/components/ui/alert.tsx
  - src/styles/sahajiv/alert.css
  - src/components/ui/animated-number.tsx
  - src/styles/sahajiv/animated-number.css
  - src/components/ui/aspect-ratio.tsx
  - src/styles/sahajiv/aspect-ratio.css
  - src/components/ui/avatar.tsx
  - src/styles/sahajiv/avatar.css
  - src/components/ui/badge.tsx
  - src/styles/sahajiv/badge.css
  - src/components/ui/bubble.tsx
  - src/styles/sahajiv/bubble.css
  - src/components/ui/card.tsx
  - src/styles/sahajiv/card.css
  - src/components/ui/checkbox.tsx
  - src/styles/sahajiv/checkbox.css
  - src/components/ui/context-menu.tsx
  - src/styles/sahajiv/context-menu.css
  - src/components/ui/dialog.tsx
  - src/styles/sahajiv/dialog.css
  - src/components/ui/direction.tsx
  - src/styles/sahajiv/direction.css
  - src/components/ui/drawer.tsx
  - src/styles/sahajiv/drawer.css
  - src/components/ui/dropdown-menu.tsx
  - src/styles/sahajiv/dropdown-menu.css
  - src/components/ui/dropzone.tsx
  - src/styles/sahajiv/dropzone.css
  - src/components/ui/hover-card.tsx
  - src/styles/sahajiv/hover-card.css
  - src/components/ui/icon.tsx
  - src/styles/sahajiv/icon.css
  - src/components/ui/input-otp.tsx
  - src/styles/sahajiv/input-otp.css
  - src/components/ui/item.tsx
  - src/styles/sahajiv/item.css
  - src/components/ui/kbd.tsx
  - src/styles/sahajiv/kbd.css
  - src/components/ui/label.tsx
  - src/styles/sahajiv/label.css
  - src/components/ui/marker.tsx
  - src/styles/sahajiv/marker.css
  - src/components/ui/menubar.tsx
  - src/styles/sahajiv/menubar.css
  - src/components/ui/message.tsx
  - src/styles/sahajiv/message.css
  - src/components/ui/native-select.tsx
  - src/styles/sahajiv/native-select.css
  - src/components/ui/navigation-menu.tsx
  - src/styles/sahajiv/navigation-menu.css
  - src/components/ui/pagination.tsx
  - src/styles/sahajiv/pagination.css
  - src/components/ui/popover.tsx
  - src/styles/sahajiv/popover.css
  - src/components/ui/progress.tsx
  - src/styles/sahajiv/progress.css
  - src/components/ui/radio-group.tsx
  - src/styles/sahajiv/radio-group.css
  - src/components/ui/resizable.tsx
  - src/styles/sahajiv/resizable.css
  - src/components/ui/scroll-area.tsx
  - src/styles/sahajiv/scroll-area.css
  - src/components/ui/separator.tsx
  - src/styles/sahajiv/separator.css
  - src/components/ui/shape.tsx
  - src/components/ui/sheet.tsx
  - src/styles/sahajiv/sheet.css
  - src/components/ui/slider.tsx
  - src/styles/sahajiv/slider.css
  - src/components/ui/spinner.tsx
  - src/styles/sahajiv/spinner.css
  - src/components/ui/switch.tsx
  - src/styles/sahajiv/switch.css
  - src/components/ui/table.tsx
  - src/styles/sahajiv/table.css
  - src/components/ui/tabs.tsx
  - src/styles/sahajiv/tabs.css
  - src/components/ui/text-reveal.tsx
  - src/styles/sahajiv/text-reveal.css
  - src/components/ui/textarea.tsx
  - src/styles/sahajiv/textarea.css
  - src/components/ui/toggle.tsx
  - src/styles/sahajiv/toggle.css
  - src/components/ui/tooltip.tsx
  - src/styles/sahajiv/tooltip.css
  - src/components/ui/typography.tsx
  - src/styles/sahajiv/typography.css
  - src/components/ui/empty.tsx
  - src/styles/sahajiv/empty.css
  - src/components/ui/skeleton.tsx
  - src/styles/sahajiv/skeleton.css
  - src/components/ui/accordion.tsx
  - src/styles/sahajiv/accordion.css
  - src/components/ui/attachment.tsx
  - src/styles/sahajiv/attachment.css
  - src/components/ui/breadcrumb.tsx
  - src/styles/sahajiv/breadcrumb.css
  - src/components/ui/calendar.tsx
  - src/styles/sahajiv/calendar.css
  - src/components/ui/carousel.tsx
  - src/styles/sahajiv/carousel.css
  - src/components/ui/collapsible.tsx
  - src/styles/sahajiv/collapsible.css
  - src/components/ui/command.tsx
  - src/styles/sahajiv/command.css
  - src/components/ui/input.tsx
  - src/styles/sahajiv/input.css
  - src/components/ui/select.tsx
  - src/styles/sahajiv/select.css
  - src/components/ui/sidebar.tsx
  - src/styles/sahajiv/sidebar.css
  - src/components/ui/field.tsx
  - src/styles/sahajiv/field.css
  - src/components/ui/questionnaire.tsx
  - src/styles/sahajiv/questionnaire.css
  - src/components/ui/ambient-background.tsx
  - src/styles/sahajiv/ambient-background.css
  - src/components/ui/shape-scene.tsx
  - src/styles/sahajiv/shape-scene.css
  - src/components/ui/button.tsx
  - src/styles/sahajiv/button.css
  - src/components/ui/chart.tsx
  - src/styles/sahajiv/chart.css
  - src/components/ui/toggle-group.tsx
  - src/styles/sahajiv/toggle-group.css
  - src/components/ui/date-picker.tsx
  - src/styles/sahajiv/date-picker.css
  - src/components/ui/combobox.tsx
  - src/styles/sahajiv/combobox.css
  - src/components/ui/alert-dialog.tsx
  - src/styles/sahajiv/alert-dialog.css
  - src/components/ui/button-group.tsx
  - src/styles/sahajiv/button-group.css
  - src/components/ui/code-block.tsx
  - src/styles/sahajiv/code-block.css
  - src/components/ui/data-table.tsx
  - src/styles/sahajiv/data-table.css
  - src/components/ui/input-group.tsx
  - src/styles/sahajiv/input-group.css
  - src/components/ui/marquee.tsx
  - src/styles/sahajiv/marquee.css
  - src/components/ui/message-scroller.tsx
  - src/styles/sahajiv/message-scroller.css
  - src/components/ui/multi-select.tsx
  - src/styles/sahajiv/multi-select.css
  - src/components/ui/stepper.tsx
  - src/styles/sahajiv/stepper.css
  - src/components/ui/toast.tsx
  - src/styles/sahajiv/toast.css
  - src/components/ui/adjuster.tsx
  - src/styles/sahajiv/adjuster.css
  - src/components/ui/preview.tsx
  - src/styles/sahajiv/preview.css
- Updating src/index.css
✔ Updating src/index.css
