
> build
> tsc --noEmit && vite build

vite v7.3.6 building client environment for production...
transforming...
✓ 463 modules transformed.
rendering chunks...
computing gzip size...
dist/index.html                                              0.21 kB │ gzip:   0.17 kB
dist/.vite/manifest.json                                     2.21 kB │ gzip:   0.43 kB
dist/assets/geist-cyrillic-ext-wght-normal-DjL33-gN.woff2    7.42 kB
dist/assets/geist-vietnamese-wght-normal-6IgcOCM7.woff2      8.00 kB
dist/assets/geist-cyrillic-wght-normal-BEAKL7Jp.woff2       15.08 kB
dist/assets/geist-latin-ext-wght-normal-DC-KSUi6.woff2      16.51 kB
dist/assets/geist-latin-wght-normal-BgDaEnEv.woff2          29.40 kB
dist/assets/dm-sans-variable-C6Y9vXDn.woff2                 95.48 kB
dist/assets/bricolage-grotesque-variable-mz7uTvdV.woff2    212.15 kB
dist/module-graph.json                                     313.60 kB │ gzip:  13.85 kB
dist/assets/index-C6k_ALd8.css                              82.75 kB │ gzip:  15.80 kB
dist/assets/index-n3Oo3dhh.js                              448.12 kB │ gzip: 145.91 kB
✓ built in 925ms

[exit 0]
