- Checking registry.
✔ Checking registry.
- Installing dependencies.
- Installing dependencies.
✔ Installing dependencies.
- Updating files.
✔ Created 24 files:
  - src/components/ui/icon.tsx
  - src/styles/cojeev/icon.css
  - src/components/ui/item.tsx
  - src/styles/cojeev/item.css
  - src/components/ui/badge.tsx
  - src/styles/cojeev/badge.css
  - src/components/ui/typography.tsx
  - src/styles/cojeev/typography.css
  - src/components/ui/tree.tsx
  - src/styles/cojeev/tree.css
  - src/components/ui/animated-icon.tsx
  - src/styles/cojeev/animated-icon.css
  - src/components/ui/tabs.tsx
  - src/styles/cojeev/tabs.css
  - src/components/ui/input.tsx
  - src/styles/cojeev/input.css
  - src/components/ui/avatar.tsx
  - src/styles/cojeev/avatar.css
  - src/components/ui/card.tsx
  - src/styles/cojeev/card.css
  - src/components/ui/empty.tsx
  - src/styles/cojeev/empty.css
  - src/components/ui/activity-feed.tsx
  - src/styles/cojeev/activity-feed.css
ℹ Updated 1 file:
  - src/styles/cojeev-fonts.css
ℹ Skipped 77 files: (files might be identical, use --overwrite to overwrite)
  - src/lib/utils.ts
  - src/lib/cojeev/appearance-tokens.ts
  - src/lib/cojeev/assembly-geometry.ts
  - src/lib/cojeev/bento-layout.ts
  - src/lib/cojeev/bloom-engine.ts
  - src/lib/cojeev/chart-geometry.ts
  - src/lib/cojeev/control-appearance.ts
  - src/lib/cojeev/glyph-mesh.ts
  - src/lib/cojeev/icon-data.ts
  - src/lib/cojeev/living-shader.ts
  - src/lib/cojeev/lucide-icon-data.ts
  - src/lib/cojeev/marquee-motion.ts
  - src/lib/cojeev/number-motion.ts
  - src/lib/cojeev/pointer-geometry.ts
  - src/lib/cojeev/reference-additions-math.ts
  - src/lib/cojeev/reference-additions-portal.ts
  - src/lib/cojeev/reference-effect-geometry.ts
  - src/lib/cojeev/reference-field-paint.ts
  - src/lib/cojeev/reference-gallery-geometry.ts
  - src/lib/cojeev/reference-gallery-motion.ts
  - src/lib/cojeev/reference-layouts.ts
  - src/lib/cojeev/reference-ref.ts
  - src/lib/cojeev/reference-text-math.ts
  - src/lib/cojeev/reference-text-motion.ts
  - src/lib/cojeev/sculpture-flow.ts
  - src/lib/cojeev/sculpture-geometry.ts
  - src/lib/cojeev/sculpture-particles.ts
  - src/lib/cojeev/sculpture-raster.ts
  - src/lib/cojeev/sculpture-stage-geometry.ts
  - src/lib/cojeev/shape-data.ts
  - src/lib/cojeev/signature-shapes.ts
  - src/lib/cojeev/stack-outline.ts
  - src/lib/cojeev/subtle-backgrounds.ts
  - src/lib/cojeev/text-lines.ts
  - src/lib/cojeev/text-relay.ts
  - src/lib/cojeev/text-ribbon-path.ts
  - src/lib/cojeev/use-chart-motion.ts
  - src/lib/cojeev-motion/body.ts
  - src/lib/cojeev-motion/category.ts
  - src/lib/cojeev-motion/choreography.ts
  - src/lib/cojeev-motion/clock.ts
  - src/lib/cojeev-motion/flow-motion.ts
  - src/lib/cojeev-motion/flow-press.ts
  - src/lib/cojeev-motion/flow.ts
  - src/lib/cojeev-motion/geometry.ts
  - src/lib/cojeev-motion/morph-paint.ts
  - src/lib/cojeev-motion/progress-geometry.ts
  - src/lib/cojeev-motion/refs.ts
  - src/lib/cojeev-motion/scroll-thumb.ts
  - src/lib/cojeev-motion/settings.ts
  - src/lib/cojeev-motion/shapes.ts
  - src/lib/cojeev-motion/slider-geometry.ts
  - src/lib/cojeev-motion/theme-transition.ts
  - src/lib/cojeev-motion/use-depth.ts
  - src/lib/cojeev-motion/use-disclosure-height.ts
  - src/lib/cojeev-motion/use-flow.ts
  - src/lib/cojeev-motion/use-guidance-motion.ts
  - src/lib/cojeev-motion/use-morph.ts
  - src/lib/cojeev-motion/use-motion-visibility.ts
  - src/lib/cojeev-motion/use-organic-value.ts
  - src/lib/cojeev-motion/use-reduced-motion.ts
  - src/scripts/cojeev-materialize-fonts.mjs
  - src/styles/cojeev/tokens.css
  - src/styles/cojeev/theme.css
  - src/styles/cojeev/base.css
  - src/styles/cojeev/morph.css
  - src/styles/cojeev/flow-press.css
  - src/styles/fonts/DMSans-OFL.txt
  - src/styles/fonts/BricolageGrotesque-OFL.txt
  - src/lib/cojeev/NOTICES.txt
  - src/styles/cojeev/control-appearance.css
  - src/components/ui/spinner.tsx
  - src/styles/cojeev/spinner.css
  - src/components/ui/presence.tsx
  - src/styles/cojeev/presence.css
  - src/components/ui/button.tsx
  - src/styles/cojeev/button.css
- Updating src/index.css
✔ Updating src/index.css

[exit 0]
